Message: b0524 2025
Message: a042c 2025
Message: a042c 2026
Message: a042c 2029
Message: 2c050e 2025
Message: 2c050e 2026
Message: 2c050e 2029
Message: 2a0464 2025
Message: 2a0464 2026
Message: 2a0464 2029
Message: 3204cc 2025
Message: 3204cc 2026
Message: 3204cc 2029
Message: 80574 2025
Message: 80574 2026
Message: 80574 2029
Message: 80570 2025
Message: 80570 2026
Message: 80570 2029
Message: 405d2 2025
Message: 405d2 2026
Message: 405d2 2029
Message: 4063c 2025
Message: 4063c 2026
Message: 4063c 2029
Message: 40618 2025
Message: 40618 2026
Message: 40618 2029
Message: 4061a 2025
Message: 4061a 2026
Message: 4061a 2029
Message: 4055c 2025
Message: 4055c 2026
Message: 4055c 2029
Message: 4055e 2025
Message: 4055e 2026
Message: 4055e 2029
Message: 30674 2025
Message: 30674 2026
Message: 30674 2029
Message: 30672 2025
Message: 30672 2026
Message: 30672 2029
Message: 3067e 2025
Message: 3067e 2026
Message: 3067e 2029
Message: 306bc 2025
Message: 306bc 2026
Message: 306bc 2029
Message: 306ae 2025
Message: 306ae 2026
Message: 306ae 2029
Message: 306e2 2025
Message: 306e2 2026
Message: 306e2 2029
Message: 3073c 2025
Message: 3073c 2026
Message: 3073c 2029
Message: 3075e 2025
Message: 3075e 2026
Message: 3075e 2029
Message: 30780 2025
Message: 30780 2026
Message: 30780 2029
Message: 1207f4 2025
Message: 1207f4 2026
Message: 1207f4 2029
Message: 907da 2025
Message: 907da 2026
Message: 907da 2029
Message: 4074e 2025
Message: 4074e 2026
Message: 4074e 2029
Message: a0828 2025
Message: a0828 2029
Message: a0828 2026
Message: 60850 2025
Message: 6085e 2025
Message: 6085e 2029
Message: 6085e 2026
Message: 108a0 2025
Message: 108a0 2029
Message: 108a0 2026
Message: 108cc 2025
Message: 108e4 2025
Message: 108e4 2026
Message: 108e4 2029
Message: 10918 2025
Message: 10918 2026
Message: 10918 2029
Message: 10950 2025
Message: 10950 2026
Message: 10950 2029
Message: b0524 2029
Message: b0524 2026
Message: 0 49337
Message: b0524 2027
Message: 0 49337
Message: b0524 2026
Message: b0524 2029
Message: 52046e 49343
Message: 40638 5
Message: 4063e 5
Message: 405ec 5
Message: 405f6 5
Message: 405fc 5
Message: 3065a 5
Message: 30664 5
Message: 3066a 5
Message: 30690 5
Message: 306b4 5
Message: 3072c 5
Message: 30740 5
Message: 3075a 5
Message: 30784 5
Message: 907d2 5
Message: 1089e 5
Message: 108b0 5
Message: 108b6 5
Message: 108ca 5
Message: 108ec 5
Message: 108fa 5
Message: 108fe 5
Message: 1091a 5
Message: 1092c 5
Message: 130430 2036
Message: 52046e 49342
Message: 22054c 512
Message: b0524 15
Message: 52046e 49342
Message: a042c 15
Message: e053a 15
Message: d0484 15
Message: 47042e 15
Message: 52046e 49345
Message: 52046e 49342
Message: 130538 15
Message: 52046e 49345
Message: 52046e 49342
Message: c0522 15
Message: 52046e 49345
Message: 220426 15
Message: 52046e 49342
Message: 2b0422 15
Message: 22054c 15
Message: 52046e 49342
Message: 6c052a 15
Message: 52046e 49342
Message: 250402 15
Message: 230406 15
Message: 120528 15
Message: 2a0464 15
Message: e053c 15
Message: 2c050e 15
Message: b0524 160
Message: 22054c 675
Message: b0524 15
Message: a042c 15
Message: 22054c 15
Message: b0524 160
Message: b0524 160
Message: 52046e 49342
Message: 52046e 49342
Message: 52046e 49342
Message: 52046e 49342
Message: b0524 160
Message: 19041e 275
Message: b0524 512
Message: b0524 512
Message: b0524 512
Message: b0524 512
Message: 22054c 512
Message: 22054c 15
Message: 22054c 512
Message: 6c052a 512
Message: 22054c 675
Message: 22054c 15
Message: 6c052a 15
Message: 6c052a 512
Message: b0524 512
Message: 6c052a 675
Message: 6c052a 15
Message: 250402 512
Message: 250402 15
Message: b0524 512
Message: 250402 675
Message: 230406 512
Message: 250402 15
Message: 230406 15
Message: 230406 512
Message: 230406 512
Message: 230406 512
Message: 230406 512
Message: 230406 512
Message: 230406 512
Message: 230406 512
Message: b0524 512
Message: 230406 675
Message: 230406 15
Message: b0524 512
Message: b0524 512
Message: b0524 512
Message: b0524 512
Message: 120528 512
Message: 120528 15
Message: 120528 512
Message: 120528 512
Message: 120528 512
Message: 120528 512
Message: 120528 512
Message: 120528 512
Message: 120528 512
Message: 120528 512
Message: b0524 512
Message: 120528 675
Message: 120528 15
Message: b0524 512
Message: b0524 512
Message: b0524 512
Message: b0524 512
Message: b0524 512
Message: b0524 512
Message: b0524 512
Message: b0524 512
Message: b0524 160
Message: b0524 160
Message: b0524 160
Message: b0524 161
Message: b0524 273
Message: 120528 512
Message: 120528 15
Message: 20954 2025
Message: 20954 2026
Message: 20954 2029
Message: 2094a 2025
Message: 2094a 2026
Message: 2094a 2029
Message: 2094c 2025
Message: 2094c 2026
Message: 2094c 2029
Message: 209aa 2025
Message: 209aa 2026
Message: 209aa 2029
Message: 3094a 2025
Message: 3094a 2026
Message: 3094a 2029
Message: 3094c 2025
Message: 3094c 2026
Message: 3094c 2029
Message: 309aa 2025
Message: 309aa 2026
Message: 309aa 2029
Message: 4094a 2025
Message: 4094a 2026
Message: 4094a 2029
Message: 4094c 2025
Message: 4094c 2026
Message: 4094c 2029
Message: 409aa 2025
Message: 409aa 2026
Message: 409aa 2029
Message: 109e8 2025
Message: 109e8 2026
Message: 109e8 2029
Message: 0 49337
Message: 52046e 49348
Message: 130430 2036
Message: 20952 5
Message: 20926 5
Message: 40964 5
Message: 4096e 5
Message: 40962 5
Message: 40958 5
Message: 409a4 5
Message: 4099e 5
Message: 40980 5
Message: 4098a 5
Message: 4094c 2031
Message: 220426 512
Message: b0524 15
Message: a042c 15
Message: e053a 15
Message: d0484 15
Message: 47042e 15
Message: 130538 15
Message: c0522 15
Message: 220426 15
Message: 2b0422 15
Message: 22054c 15
Message: 6c052a 15
Message: 250402 15
Message: 230406 15
Message: 120528 15
Message: 2a0464 15
Message: e053c 15
Message: 2c050e 15
Message: 0 49337
Message: 4094c 2031
Message: 220426 512
Message: 220426 512
Message: 220426 512
Message: 220426 512
Message: 220426 512
Message: 220426 512
Message: 220426 512
Message: 220426 512
Message: 52046e 49342
Message: 52046e 49342
Message: 52046e 49342
Message: 220426 512
Message: 220426 512
Message: 220426 512
Message: 220426 512
Message: 220426 512
Message: 220426 512
Message: 220426 512
Message: 220426 512
Message: 220426 512
Message: 220426 512
Message: 220426 512
Message: 220426 512
Message: 220426 512
Message: 220426 512
Message: 220426 512
Message: 220426 512
Message: 220426 512
Message: 220426 512
Message: 220426 512
Message: 19041e 275
Message: 220426 512
Message: 220426 512
Message: 220426 512
Message: 220426 512
Message: 220426 512
Message: 220426 512
Message: 220426 512
Message: 220426 512
Message: b0524 512
Message: 220426 675
Message: 220426 15
Message: 2b0422 512
Message: 2b0422 15
Message: 2b0422 512
Message: 2b0422 512
Message: 2b0422 512
Message: b0524 512
Message: 2b0422 675
Message: 2b0422 15
Message: 22054c 512
Message: 22054c 15
Message: 22054c 512
Message: 22054c 512
Message: 22054c 512
Message: 22054c 512
Message: 22054c 512
Message: 22054c 512
Message: 22054c 512
Message: b0524 512
Message: 22054c 675
Message: 22054c 15
Message: b0524 512
Message: b0524 512
Message: b0524 512
Message: 6c052a 512
Message: 6c052a 15
Message: 6c052a 512
Message: 6c052a 512
Message: 6c052a 512
Message: 6c052a 512
Message: 6c052a 512
Message: 6c052a 512
Message: 6c052a 512
Message: 6c052a 512
Message: 6c052a 512
Message: 6c052a 512
Message: 6c052a 512
Message: 6c052a 512
Message: 6c052a 512
Message: 6c052a 512
Message: 6c052a 512
Message: 6c052a 512
Message: b0524 512
Message: 6c052a 675
Message: 6c052a 15
Message: b0524 512
Message: b0524 512
Message: 250402 512
Message: 250402 15
Message: 250402 512
Message: 250402 512
Message: 250402 512
Message: 250402 512
Message: 250402 512
Message: 250402 512
Message: 250402 512
Message: 250402 512
Message: 250402 512
Message: 250402 512
Message: 250402 512
Message: 250402 512
Message: 250402 512
Message: 250402 512
Message: 250402 512
Message: 250402 512
Message: 250402 512
Message: 250402 512
Message: 250402 512
Message: 250402 512
Message: 250402 512
Message: b0524 512
Message: 250402 675
Message: 250402 15
Message: b0524 512
Message: b0524 512
Message: 6c052a 512
Message: 6c052a 15
Message: 6c052a 512
Message: 6c052a 512
Message: 6c052a 512
Message: 6c052a 512
Message: 6c052a 512
Message: 6c052a 512
Message: 6c052a 512
Message: 6c052a 512
Message: 6c052a 512
Message: 6c052a 512
Message: 6c052a 512
Message: 6c052a 512
Message: 6c052a 512
Message: 6c052a 512
Message: 6c052a 512
Message: b0524 512
Message: 6c052a 675
Message: 6c052a 15
Message: b0524 512
Message: 22054c 512
Message: 22054c 15
Message: 22054c 512
Message: 22054c 512
Message: 22054c 512
Message: 22054c 512
Message: 22054c 512
Message: 22054c 512
Message: 22054c 512
Message: 22054c 512
Message: 22054c 512
Message: 22054c 512
Message: 22054c 512
Message: b0524 512
Message: 22054c 675
Message: 22054c 15
Message: b0524 512
Message: b0524 512
Message: b0524 512
Message: b0524 512
Message: b0524 512
Message: 2b0422 512
Message: 2b0422 15
Message: 2b0422 512
Message: 2b0422 512
Message: 2b0422 512
Message: 2b0422 512
Message: 2b0422 512
Message: 2b0422 512
Message: 2b0422 512
Message: 2b0422 512
Message: 2b0422 512
Message: 2b0422 512
Message: 2b0422 512
Message: 2b0422 512
Message: 2b0422 512
Message: 2b0422 512
Message: 2b0422 512
Message: 2b0422 512
Message: 2b0422 512
Message: 2b0422 512
Message: 2b0422 512
Message: b0524 512
Message: 2b0422 675
Message: 2b0422 15
Message: b0524 512
Message: b0524 512
Message: b0524 512
Message: b0524 512
Message: 220426 512
Message: 220426 15
Message: 220426 512
Message: 220426 512
Message: 220426 512
Message: 220426 512
Message: 220426 512
Message: b0524 512
Message: 220426 675
Message: 220426 15
Message: 2b0422 512
Message: 2b0422 15
Message: 2b0422 512
Message: 2b0422 512
Message: b0524 512
Message: 2b0422 675
Message: 2b0422 15
Message: 22054c 512
Message: 22054c 15
Message: 22054c 512
Message: 6c052a 512
Message: 22054c 675
Message: 22054c 15
Message: 6c052a 15
Message: 6c052a 512
Message: b0524 512
Message: 6c052a 675
Message: 6c052a 15
Message: 250402 512
Message: 250402 15
Message: 250402 512
Message: 250402 512
Message: b0524 512
Message: 250402 675
Message: 250402 15
Message: 230406 512
Message: 230406 15
Message: 230406 512
Message: 230406 512
Message: 230406 512
Message: 230406 512
Message: 230406 512
Message: 230406 512
Message: 230406 512
Message: 230406 512
Message: 230406 512
Message: 230406 512
Message: b0524 512
Message: 230406 675
Message: 230406 15
Message: b0524 512
Message: b0524 512
Message: b0524 512
Message: 250402 512
Message: 250402 15
Message: 250402 512
Message: 250402 512
Message: 250402 512
Message: 250402 512
Message: 250402 512
Message: 250402 512
Message: 250402 512
Message: 250402 512
Message: 250402 512
Message: 250402 513
Message: 0 49337
Message: 52046e 49348
Message: 250402 15
Message: 52046e 49342
Message: 52046e 49342
Message: 52046e 49342
Message: 250402 514
Message: b0524 2031
Message: 0 49337
Message: 52046e 49348
Message: 250402 512
Message: 250402 15
Message: 0 49337
Message: 52046e 49348
Message: 250402 512
Message: b0524 15
Message: a042c 15
Message: 250402 15
Message: 80574 15
Message: 805b2 15
Message: 705a8 15
Message: 80588 15
Message: a0590 15
Message: a058e 15
Message: 905b0 15
Message: 905b4 15
Message: 605b6 15
Message: 705ac 15
Message: b0582 15
Message: 80576 15
Message: b05ae 15
Message: b05a2 15
Message: 8057c 15
Message: 8057a 15
Message: 705aa 15
Message: 80572 15
Message: 52046e 49342
Message: 52046e 49342
Message: 52046e 49342
Message: 250402 512
Message: 250402 512
Message: 250402 512
Message: 250402 512
Message: 250402 512
Message: 250402 512
Message: 250402 512
Message: 250402 512
Message: b0524 512
Message: 250402 675
Message: 250402 15
Message: b0524 512
Message: b0524 512
Message: 6c052a 512
Message: 6c052a 15
Message: 6c052a 512
Message: 6c052a 512
Message: 19041e 275
Message: 6c052a 512
Message: 6c052a 512
Message: 6c052a 512
Message: 6c052a 512
Message: 6c052a 512
Message: 6c052a 513
Message: 0 49337
Message: 52046e 49348
Message: 6c052a 15
Message: 250402 15
Message: 52046e 49342
Message: 52046e 49342
Message: 52046e 49342
Message: 6c052a 514
Message: b0524 2031
Message: 0 49337
Message: 52046e 49348
Message: 6c052a 512
Message: 6c052a 15
Message: 0 49337
Message: 52046e 49348
Message: 6c052a 512
Message: b0524 15
Message: a042c 15
Message: 6c052a 15
Message: 80570 15
Message: 405d0 15
Message: 405ce 15
Message: 405cc 15
Message: 405c6 15
Message: 405c4 15
Message: 405c2 15
Message: 405be 15
Message: 405bc 15
Message: 80578 15
Message: 9056c 15
Message: 8056a 15
Message: 8058a 15
Message: 405c8 15
Message: 405ca 15
Message: 52046e 49342
Message: 52046e 49342
Message: 52046e 49342
Message: 6c052a 512
Message: 6c052a 512
Message: 6c052a 512
Message: 6c052a 512
Message: 6c052a 512
Message: b0524 512
Message: 6c052a 675
Message: 6c052a 15
Message: b0524 512
Message: b0524 512
Message: b0524 512
Message: 22054c 512
Message: 22054c 15
Message: 22054c 512
Message: 22054c 512
Message: 19041e 275
Message: 22054c 513
Message: 0 49337
Message: 52046e 49348
Message: 22054c 15
Message: 6c052a 15
Message: 52046e 49342
Message: 52046e 49342
Message: 52046e 49342
Message: 22054c 514
Message: b0524 2031
Message: 0 49337
Message: 52046e 49348
Message: 22054c 512
Message: 22054c 15
Message: 0 49337
Message: 52046e 49348
Message: 22054c 512
Message: b0524 15
Message: a042c 15
Message: 22054c 15
Message: 405d2 15
Message: 4063a 15
Message: 40636 15
Message: d0598 15
Message: 7059e 15
Message: 405dc 15
Message: 405da 15
Message: 405d8 15
Message: 405d6 15
Message: 405d4 15
Message: 22054c 512
Message: 22054c 512
Message: 52046e 49342
Message: 22054c 512
Message: 52046e 49342
Message: 52046e 49342
Message: 22054c 512
Message: 22054c 512
Message: 22054c 512
Message: 22054c 512
Message: 22054c 512
Message: 22054c 512
Message: 22054c 512
Message: 22054c 512
Message: 22054c 512
Message: 22054c 512
Message: 22054c 512
Message: 22054c 512
Message: b0524 512
Message: 22054c 675
Message: 22054c 15
Message: b0524 512
Message: b0524 512
Message: b0524 512
Message: b0524 512
Message: 2b0422 512
Message: 2b0422 15
Message: 2b0422 512
Message: 2b0422 512
Message: 2b0422 512
Message: 2b0422 512
Message: 2b0422 512
Message: 19041e 275
Message: 2b0422 512
Message: 2b0422 512
Message: 2b0422 512
Message: 2b0422 512
Message: 2b0422 512
Message: 2b0422 512
Message: 2b0422 512
Message: 2b0422 512
Message: 2b0422 512
Message: 2b0422 512
Message: 2b0422 512
Message: b0524 512
Message: 2b0422 675
Message: 2b0422 15
Message: b0524 512
Message: b0524 512
Message: b0524 512
Message: b0524 512
Message: b0524 512
Message: 220426 512
Message: 220426 15
Message: 220426 512
Message: 220426 512
Message: 220426 512
Message: 220426 512
Message: 220426 512
Message: 220426 512
Message: 220426 512
Message: 220426 512
Message: 220426 512
Message: 220426 512
Message: 220426 512
Message: 220426 512
Message: 220426 512
Message: 220426 512
Message: 220426 512
Message: 220426 512
Message: b0524 512
Message: 220426 675
Message: 220426 15
Message: b0524 512
Message: b0524 512
Message: b0524 512
Message: c0522 512
Message: c0522 15
Message: c0522 512
Message: c0522 512
Message: c0522 512
Message: c0522 512
Message: c0522 512
Message: c0522 512
Message: c0522 512
Message: c0522 512
Message: c0522 512
Message: c0522 512
Message: c0522 512
Message: c0522 512
Message: c0522 512
Message: c0522 512
Message: c0522 512
Message: b0524 512
Message: c0522 675
Message: c0522 15
Message: b0524 512
Message: b0524 512
Message: b0524 512
Message: 130538 512
Message: 130538 15
Message: 130538 512
Message: 130538 512
Message: 130538 512
Message: 130538 512
Message: 130538 512
Message: 130538 512
Message: 130538 512
Message: 130538 512
Message: 130538 512
Message: 130538 512
Message: 130538 512
Message: 130538 512
Message: 130538 512
Message: 130538 512
Message: 130538 512
Message: 130538 512
Message: 130538 512
Message: b0524 512
Message: 130538 675
Message: 130538 15
Message: b0524 512
Message: b0524 512
Message: b0524 512
Message: 47042e 512
Message: 47042e 15
Message: 47042e 512
Message: 47042e 512
Message: 47042e 512
Message: 47042e 512
Message: 47042e 512
Message: 47042e 512
Message: 47042e 512
Message: 47042e 512
Message: 47042e 512
Message: 47042e 512
Message: 47042e 512
Message: 47042e 512
Message: 47042e 512
Message: 47042e 512
Message: 47042e 512
Message: 47042e 512
Message: 47042e 512
Message: b0524 512
Message: 47042e 675
Message: 47042e 15
Message: b0524 512
Message: b0524 512
Message: b0524 512
Message: b0524 512
Message: b0524 512
Message: b0524 512
Message: b0524 512
Message: 47042e 512
Message: 47042e 15
Message: 47042e 512
Message: 47042e 512
Message: 47042e 512
Message: 47042e 512
Message: 47042e 512
Message: 47042e 512
Message: 47042e 512
Message: 47042e 512
Message: 47042e 512
Message: 47042e 512
Message: 47042e 512
Message: 47042e 512
Message: b0524 512
Message: 47042e 675
Message: 47042e 15
Message: b0524 512
Message: 130538 512
Message: 130538 15
Message: 130538 512
Message: 130538 512
Message: 130538 512
Message: 130538 512
Message: 130538 512
Message: 130538 512
Message: 130538 512
Message: 130538 512
Message: 130538 512
Message: 130538 512
Message: 130538 512
Message: b0524 512
Message: 130538 675
Message: 130538 15
Message: b0524 512
Message: b0524 512
Message: c0522 512
Message: c0522 15
Message: c0522 512
Message: c0522 512
Message: c0522 512
Message: c0522 512
Message: c0522 512
Message: c0522 512
Message: c0522 512
Message: c0522 512
Message: c0522 512
Message: c0522 512
Message: c0522 512
Message: c0522 512
Message: c0522 512
Message: b0524 512
Message: c0522 675
Message: c0522 15
Message: b0524 512
Message: b0524 512
Message: b0524 512
Message: 220426 512
Message: 220426 15
Message: 220426 512
Message: 220426 512
Message: 220426 512
Message: 220426 512
Message: 220426 512
Message: 220426 512
Message: 220426 512
Message: 220426 512
Message: 220426 512
Message: 220426 512
Message: 220426 512
Message: 220426 512
Message: 220426 512
Message: 220426 512
Message: 220426 512
Message: b0524 512
Message: 220426 675
Message: 220426 15
Message: b0524 512
Message: b0524 512
Message: 2b0422 512
Message: 2b0422 15
Message: 2b0422 512
Message: 2b0422 512
Message: 2b0422 512
Message: b0524 512
Message: 2b0422 675
Message: 2b0422 15
Message: 22054c 512
Message: 22054c 15
Message: 22054c 512
Message: 22054c 512
Message: 22054c 512
Message: 22054c 512
Message: 22054c 512
Message: 22054c 513
Message: 22054c 15
Message: 22054c 514
Message: b0524 2031
Message: 22054c 512
Message: b0524 15
Message: 22054c 15
Message: 405d2 15
Message: 4063a 15
Message: 40636 15
Message: d0598 15
Message: 7059e 15
Message: 405dc 15
Message: 405da 15
Message: 405d8 15
Message: 405d6 15
Message: 405d4 15
Message: 22054c 512
Message: 22054c 512
Message: 22054c 512
Message: 22054c 512
Message: 22054c 512
Message: 22054c 512
Message: 22054c 512
Message: 22054c 512
Message: 22054c 512
Message: 22054c 512
Message: 22054c 512
Message: 22054c 512
Message: 22054c 512
Message: 22054c 512
Message: 22054c 512
Message: 22054c 512
Message: 22054c 512
Message: 22054c 512
Message: 22054c 512
Message: 22054c 512
Message: 22054c 512
Message: 22054c 512
Message: 22054c 512
Message: 22054c 512
Message: 22054c 512
Message: 22054c 512
Message: 22054c 512
Message: 22054c 512
Message: 22054c 512
Message: 22054c 512
Message: 22054c 512
Message: 22054c 512
Message: 22054c 512
Message: 22054c 512
Message: 22054c 512
Message: 22054c 512
Message: 22054c 512
Message: 22054c 512
Message: 22054c 512
Message: 22054c 512
Message: 22054c 513
Message: 22054c 15
Message: 22054c 514
Message: b0524 2031
Message: 22054c 512
Message: b0524 15
Message: 22054c 15
Message: 405d2 15
Message: 4063a 15
Message: 40636 15
Message: d0598 15
Message: 7059e 15
Message: 405dc 15
Message: 405da 15
Message: 405d8 15
Message: 405d6 15
Message: 405d4 15
Message: 22054c 512
Message: 22054c 512
Message: 22054c 512
Message: 22054c 512
Message: 22054c 512
Message: 22054c 512
Message: 22054c 512
Message: b0524 512
Message: 22054c 675
Message: 22054c 15
Message: b0524 512
Message: b0524 512
Message: b0524 512
Message: 405d2 512
Message: 405d2 512
Message: 405d2 512
Message: 405d2 512
Message: 405d2 512
Message: 405d2 512
Message: 405d2 512
Message: 405d2 512
Message: 405d2 512
Message: 405d2 512
Message: 405d2 512
Message: 405d2 512
Message: 405d2 512
Message: 405d2 512
Message: 405d2 512
Message: 405d2 512
Message: 405d2 512
Message: 405d2 512
Message: 405d2 512
Message: 7059e 512
Message: 7059e 512
Message: 7059e 512
Message: 7059e 512
Message: 7059e 512
Message: 7059e 512
Message: 7059e 512
Message: 7059e 512
Message: 7059e 512
Message: 7059e 512
Message: 7059e 512
Message: 7059e 512
Message: 7059e 512
Message: 7059e 512
Message: 7059e 512
Message: 7059e 512
Message: 7059e 512
Message: 7059e 512
Message: 7059e 512
Message: 7059e 513
Message: 0 49337
Message: 52046e 49348
Message: 405d2 2031
Message: 22054c 15
Message: 7059e 15
Message: 52046e 49342
Message: 52046e 49342
Message: 52046e 49342
Message: 7059e 514
Message: 7059e 512
Message: 7059e 512
Message: 7059e 512
Message: 19041e 275
Message: 7059e 512
Message: 7059e 512
Message: 7059e 512
Message: 7059e 512
Message: 7059e 512
Message: 405d2 512
Message: 405d2 512
Message: 405d2 512
Message: 405d2 512
Message: 405d2 512
Message: 7059e 280
Message: 405d2 512
Message: 405d2 512
Message: 405d2 512
Message: 405d2 512
Message: 405d2 512
Message: 405d2 512
Message: 7059e 280
Message: 405d2 512
Message: 405d2 512
Message: 405d2 512
Message: 405d2 512
Message: 405d2 512
Message: 405d2 512
Message: 405d2 512
Message: 7059e 280
Message: 405d2 512
Message: 405d2 512
Message: 405d2 512
Message: 405d2 512
Message: 7059e 280
Message: 405d2 512
Message: 405d2 512
Message: 405d2 512
Message: 405d2 512
Message: 405d2 512
Message: 405d2 512
Message: 405d2 512
Message: 405d2 512
Message: 405d2 512
Message: 7059e 512
Message: 7059e 512
Message: 7059e 512
Message: 7059e 512
Message: 7059e 512
Message: 7059e 512
Message: 7059e 512
Message: 7059e 512
Message: 7059e 512
Message: 7059e 512
Message: 405d2 512
Message: 405d2 512
Message: 405d2 512
Message: 405d2 512
Message: 405d2 512
Message: 405d2 512
Message: 7059e 280
Message: 405d2 512
Message: 405d2 512
Message: 405d2 512
Message: 405d2 512
Message: 405d2 512
Message: 405d2 512
Message: 405d2 512
Message: 405d2 512
Message: 405d2 512
Message: 405d2 512
Message: 405d2 512
Message: 405d2 512
Message: 405d2 512
Message: 405d2 512
Message: 405d2 512
Message: 405d2 512
Message: 405d2 512
Message: 405d2 512
Message: 405d2 512
Message: 405d2 512
Message: 405d2 512
Message: 405d2 512
Message: 405d2 512
Message: 405d2 512
Message: 405d2 512
Message: 405d2 512
Message: 405d2 512
Message: 405d2 512
Message: 405d2 512
Message: 405d2 512
Message: 405d2 512
Message: 405d2 512
Message: 7059e 280
Message: 405d2 512
Message: 405d2 512
Message: 405d2 512
Message: 405d2 512
Message: 405d2 512
Message: 405d2 512
Message: 405d2 512
Message: 405d2 512
Message: 405d2 512
Message: 405d2 512
Message: 405d2 512
Message: 405d2 512
Message: 405d2 512
Message: 405d2 512
Message: 405d2 512
Message: 405d2 512
Message: 40636 512
Message: 40636 512
Message: 40636 512
Message: 40636 512
Message: 40636 512
Message: 40636 512
Message: 40636 512
Message: 40636 512
Message: 7059e 280
Message: 40636 513
Message: 0 49337
Message: 405d2 2031
Message: 40636 512
Message: 40638 15
Message: 7059e 15
Message: 19041e 275
Message: 40636 514
Message: 40638 512
Message: 40638 512
Message: 40638 512
Message: 40638 512
Message: 40638 512
Message: 40638 512
Message: 40638 512
Message: 40638 512
Message: 40638 512
Message: 40638 512
Message: 40638 512
Message: 40638 512
Message: 40638 512
Message: 40638 512
Message: 40638 512
Message: 40638 512
Message: 40638 512
Message: 40638 512
Message: 40638 512
Message: 40638 512
Message: 40638 512
Message: 40638 512
Message: 40638 512
Message: 40638 512
Message: 40638 512
Message: 40638 512
Message: 40638 512
Message: 40638 512
Message: 40638 512
Message: 40638 512
Message: 40638 512
Message: 40638 512
Message: 40638 512
Message: 40638 512
Message: 40638 512
Message: 40638 512
Message: 40638 512
Message: 40638 512
Message: 40638 512
Message: 40638 512
Message: 40638 512
Message: 40638 512
Message: 40638 512
Message: 40638 512
Message: 40638 512
Message: 40638 512
Message: 40638 512
Message: 40638 512
Message: 40638 512
Message: 40638 512
Message: 40638 512
Message: 40638 512
Message: 40638 512
Message: 40638 512
Message: 40638 512
Message: 40638 512
Message: 40638 512
Message: 40638 512
Message: 40638 512
Message: 40638 512
Message: 40638 512
Message: 40638 512
Message: 40638 512
Message: 40638 512
Message: 40638 512
Message: 40638 512
Message: 40638 512
Message: 40638 512
Message: 40638 512
Message: 40638 512
Message: 40638 512
Message: 40638 512
Message: 40638 512
Message: 40638 512
Message: 40638 512
Message: 40638 512
Message: 40638 512
Message: 40638 512
Message: 40638 512
Message: 40638 512
Message: 40638 512
Message: 40638 512
Message: 40638 512
Message: 40638 512
Message: 40638 512
Message: 40638 512
Message: 40638 512
Message: 40638 512
Message: 40638 512
Message: 40638 512
Message: 40638 512
Message: 40638 512
Message: 40638 512
Message: 40638 512
Message: 40638 512
Message: 40638 512
Message: 40638 512
Message: 40638 512
Message: 40638 512
Message: 40638 512
Message: 40638 512
Message: 40638 512
Message: 40638 512
Message: 40638 512
Message: 40638 512
Message: 40638 512
Message: 40638 512
Message: 40638 512
Message: 40638 512
Message: 40638 512
Message: 40638 512
Message: 40638 512
Message: 40638 512
Message: 40638 512
Message: 40638 512
Message: 40638 512
Message: 40638 512
Message: 40638 512
Message: 40638 512
Message: 40638 512
Message: 40638 512
Message: 40638 512
Message: 40638 512
Message: 40638 512
Message: 40638 512
Message: 40638 512
Message: 40638 512
Message: 40638 512
Message: 40638 512
Message: 40638 512
Message: 40638 512
Message: 40638 512
Message: 40638 512
Message: 40638 512
Message: 40638 512
Message: 40638 512
Message: 40638 512
Message: 40638 512
Message: 40638 512
Message: 40638 512
Message: 40638 512
Message: 40638 512
Message: 40638 512
Message: 40638 512
Message: 40638 512
Message: 40638 512
Message: 40638 512
Message: 40638 512
Message: 40638 512
Message: 40638 512
Message: 40638 512
Message: 40638 512
Message: 40638 512
Message: 40638 512
Message: 40638 512
Message: 40638 512
Message: 40638 512
Message: 40638 512
Message: 40638 512
Message: 40638 512
Message: 40638 512
Message: 40638 512
Message: 40638 512
Message: 40638 512
Message: 40638 512
Message: 40638 512
Message: 40638 512
Message: 40638 512
Message: 40638 512
Message: 40638 512
Message: 40638 512
Message: 40638 512
Message: 40638 512
Message: 40638 512
Message: 40638 512
Message: 40638 512
Message: 40638 512
Message: 40638 512
Message: 40638 512
Message: 40638 512
Message: 40638 512
Message: 40638 512
Message: 40638 512
Message: 40638 512
Message: 40638 512
Message: 40638 512
Message: 40638 512
Message: 40638 512
Message: 40638 512
Message: 40638 512
Message: 40638 512
Message: 40638 512
Message: 40638 512
Message: 40638 512
Message: 40638 512
Message: 40638 512
Message: 40638 512
Message: 40638 512
Message: 40638 512
Message: 40638 512
Message: 40638 512
Message: 40638 512
Message: 40638 512
Message: 40638 512
Message: 40638 512
Message: 40638 512
Message: 40638 512
Message: 40638 512
Message: 40638 512
Message: 40638 512
Message: 40638 512
Message: 40638 512
Message: 40638 512
Message: 40638 512
Message: 40638 512
Message: 40638 512
Message: 40638 512
Message: 40638 512
Message: 40638 512
Message: 40638 512
Message: 40638 512
Message: 40638 512
Message: 40638 512
Message: 40638 512
Message: 40638 512
Message: 40638 512
Message: 40638 512
Message: 40638 512
Message: 40638 512
Message: 40638 512
Message: 40638 512
Message: 40638 512
Message: 40638 512
Message: 40638 512
Message: 40638 512
Message: 40638 512
Message: 40638 512
Message: 40638 512
Message: 40638 512
Message: 40638 512
Message: 40638 512
Message: 40638 512
Message: 40638 512
Message: 40638 512
Message: 40638 512
Message: 40638 512
Message: 40638 512
Message: 40638 512
Message: 40638 512
Message: 40638 512
Message: 40638 512
Message: 40638 512
Message: 40638 512
Message: 40638 512
Message: 40638 512
Message: 40638 513
Message: 40638 512
Message: 40638 514
Message: 405d2 2031
Message: 405d2 512
Message: 7059e 15
Message: 405d2 512
Message: 405d2 512
Message: 405d2 512
Message: 405d2 512
Message: 405d2 512
Message: 405d2 512
Message: 405d2 512
Message: 405d2 512
Message: 405d2 512
Message: 405d2 512
Message: 405d2 512
Message: 405d2 512
Message: 405d2 512
Message: 405d2 512
Message: 7059e 512
Message: 7059e 512
Message: 405d2 512
Message: 405d2 512
Message: 405d2 512
Message: 405d2 512
Message: 405d2 512
Message: 405d2 512
Message: 405d2 512
Message: 405d2 512
Message: 405d2 512
Message: 405d2 512
Message: 405d2 512
Message: 405d2 512
Message: 405d2 512
Message: 7059e 512
Message: 7059e 512
Message: 7059e 512
Message: 7059e 512
Message: 7059e 512
Message: 7059e 512
Message: 7059e 512
Message: 7059e 512
Message: 7059e 512
Message: 7059e 512
Message: 7059e 512
Message: 7059e 512
Message: 7059e 512
Message: 7059e 512
Message: 7059e 512
Message: 7059e 512
Message: 7059e 512
Message: 405d2 512
Message: 405d2 512
Message: 405d2 512
Message: 405d2 512
Message: 405d2 512
Message: 405d2 512
Message: 405d2 512
Message: 405d2 512
Message: 405d2 512
Message: 405d2 512
Message: 405d2 512
Message: b0524 160
Message: b0524 160
Message: b0524 160
Message: b0524 512
Message: b0524 512
Message: b0524 512
Message: b0524 512
Message: b0524 512
Message: b0524 512
Message: b0524 512
Message: b0524 512
Message: b0524 512
Message: 405d2 512
Message: 405d2 512
Message: 405d2 512
Message: 405d2 512
Message: 405d2 512
Message: 405d2 512
Message: 405d2 512
Message: 405d2 512
Message: 405d2 512
Message: 405d2 512
Message: 405d2 512
Message: 405d2 512
Message: 405d2 512
Message: 405d2 512
Message: 405d2 512
Message: 405d2 512
Message: 405d2 512
Message: 405d2 512
Message: 405d2 512
Message: 405d2 512
Message: 405d2 512
Message: 405d2 512
Message: 405d2 512
Message: 405d2 512
Message: 405d2 512
Message: 405d2 512
Message: 405d2 512
Message: 405d2 512
Message: 405d2 512
Message: 405d2 512
Message: 405d2 512
Message: 405d2 512
Message: 405d2 512
Message: 405d2 512
Message: 405d2 512
Message: 405d2 512
Message: 405d2 512
Message: 405d2 512
Message: 405d2 512
Message: 405d2 512
Message: 405d2 512
Message: 405d2 512
Message: 405d2 512
Message: 405d2 512
Message: 405d2 512
Message: 405d2 512
Message: 405d2 512
Message: 405d2 512
Message: 405d2 512
Message: 405d2 512
Message: 405d2 512
Message: 405d2 512
Message: 405d2 512
Message: 405d2 512
Message: 405d2 512
Message: 405d2 512
Message: 405d2 512
Message: 405d2 512
Message: 405d2 512
Message: 405d2 512
Message: 405d2 512
Message: 405d2 512
Message: 405d2 512
Message: 405d2 512
Message: 405d2 512
Message: 405d2 512
Message: 405d2 512
Message: 405d2 512
Message: 405d2 512
Message: 405d2 512
Message: 405d2 512
Message: 405d2 512
Message: 405d2 512
Message: 405d2 512
Message: 405d2 512
Message: 405d2 512
Message: 405d2 512
Message: 405d2 512
Message: 405d2 512
Message: 405d2 512
Message: 405d2 512
Message: 405d2 512
Message: 405d2 512
Message: 405d2 512
Message: 405d2 512
Message: 405d2 512
Message: 405d2 512
Message: 405d2 512
Message: 405d2 512
Message: 405d2 512
Message: 405d2 512
Message: 405d2 512
Message: 405d2 512
Message: 405d2 512
Message: 405d2 512
Message: 405d2 512
Message: 405d2 512
Message: 405d2 512
Message: 405d2 512
Message: 405d2 512
Message: 405d2 512
Message: 405d2 512
Message: 405d2 512
Message: 405d2 512
Message: 405d2 512
Message: 405d2 512
Message: 405d2 512
Message: 405d2 512
Message: 405d2 512
Message: 405d2 512
Message: 405d2 512
Message: 405d2 512
Message: 405d2 512
Message: 405d2 512
Message: 405d2 512
Message: 405d2 512
Message: 405d2 512
Message: 40636 512
Message: 40636 512
Message: 40636 512
Message: 40636 512
Message: 40636 512
Message: 40636 512
Message: 40636 512
Message: 40636 512
Message: 405d2 512
Message: 405d2 512
Message: 405d2 512
Message: 405d2 512
Message: b0524 512
Message: 120528 512
Message: 120528 15
Message: 120528 512
Message: 120528 512
Message: b0524 512
Message: 120528 675
Message: 120528 15
Message: b0524 512
Message: b0524 512
Message: b0524 512
Message: b0524 512
Message: b0524 512
Message: b0524 160
Message: b0524 160
Message: b0524 160
Message: b0524 160
Message: b0524 160
Message: b0524 160
Message: b0524 160
Message: b0524 160
Message: b0524 160
Message: b0524 160
Message: b0524 160
Message: b0524 160
Message: b0524 160
Message: b0524 160
Message: b0524 160
Message: b0524 160
Message: b0524 160
Message: b0524 160
Me