%
%
% Run:000   Table:points            SWAN version:40.81
%
%       Time               Xp            Yp            Dist          Depth         Hsig     
%       [ ]                [m]           [m]           [m]           [m]           [m]      
%
20100102.010000            3000.         2500.            0.       20.0000       4.96128 
20100102.020000            3000.         2500.            0.       20.0000       4.96128 
