Message: 650bbc 2025
Message: 470b2e 2025
Message: 470b2e 2026
Message: 470b2e 2029
Message: 41115e 2025
Message: 41115e 2026
Message: 41115e 2029
Message: 220944 2025
Message: 220944 2026
Message: 220944 2029
Message: 1c0238 2025
Message: 1c0238 2026
Message: 1c0238 2029
Message: 130e2a 2025
Message: 130e2a 2026
Message: 130e2a 2029
Message: 170848 2025
Message: 170848 2026
Message: 170848 2029
Message: 3809d6 2025
Message: 3809d6 2026
Message: 3809d6 2029
Message: 230cca 2025
Message: 230cca 2026
Message: 230cca 2029
Message: 90e3c 2025
Message: 90e3c 2026
Message: 90e3c 2029
Message: f0424 2025
Message: f0424 2026
Message: f0424 2029
Message: a0dde 2025
Message: a0dde 2026
Message: a0dde 2029
Message: a0e08 2025
Message: a0e08 2026
Message: a0e08 2029
Message: a0dee 2025
Message: a0dee 2026
Message: a0dee 2029
Message: a0e10 2025
Message: a0e10 2026
Message: a0e10 2029
Message: b0e34 2025
Message: b0e34 2029
Message: b0e34 2026
Message: 1402bc 2025
Message: 1a029a 2025
Message: 1a029a 2029
Message: 1a029a 2026
Message: 3a0662 2025
Message: 3a0662 2029
Message: 3a0662 2026
Message: 5110e 2025
Message: 50fbc 2025
Message: 50fbc 2026
Message: 50fbc 2029
Message: a0ce6 2025
Message: a0ce6 2026
Message: a0ce6 2029
Message: 90e60 2025
Message: 90e60 2026
Message: 90e60 2029
Message: a100c 2025
Message: a100c 2026
Message: a100c 2029
Message: b0f28 2025
Message: b0f28 2026
Message: b0f28 2029
Message: 50f48 2025
Message: 50f48 2026
Message: 50f48 2029
Message: 50f72 2025
Message: 50f72 2026
Message: 50f72 2029
Message: 50f5c 2025
Message: 50f5c 2026
Message: 50f5c 2029
Message: 4104e 2025
Message: 4104e 2026
Message: 4104e 2029
Message: 61120 2025
Message: 61120 2026
Message: 61120 2029
Message: 710d2 2025
Message: 710d2 2026
Message: 710d2 2029
Message: 610ba 2025
Message: 610ba 2026
Message: 610ba 2029
Message: 51084 2025
Message: 51084 2026
Message: 51084 2029
Message: 51064 2025
Message: 51064 2026
Message: 51064 2029
Message: 31188 2025
Message: 31188 2026
Message: 31188 2029
Message: 90fe6 799
Message: 650bbc 799
Message: 650bbc 2029
Message: 650bbc 2026
Message: 650bbc 49320
Message: 650bbc 2027
Message: 650bbc 2026
Message: 650bbc 2029
Message: 3b0924 5
Message: 270ace 5
Message: 1703c4 5
Message: 2b0b02 5
Message: 1106fa 5
Message: 63099e 5
Message: 70e6a 5
Message: 70ea8 5
Message: b0e34 799
Message: 1402bc 799
Message: 1a029a 799
Message: 240af6 5
Message: 3a0662 799
Message: 330b1c 5
Message: c0f1a 5
Message: 41156 5
Message: 5110e 799
Message: 50fe0 5
Message: 51016 5
Message: 140af0 5
Message: b0e58 5
Message: b0f1e 5
Message: b0f24 5
Message: 50f7a 5
Message: 50f7e 5
Message: 50f60 5
Message: 610c2 5
Message: 51062 5
Message: 31226 5
Message: 90fe6 2036
Message: 650bbc 15
Message: 470b2e 15
Message: e90ce8 15
Message: 210784 15
Message: 170a1c 15
Message: 110e1a 15
Message: 180a5e 15
Message: 1a07d6 15
Message: 1f0aee 15
Message: 670bb2 15
Message: 1e0b8e 15
Message: 250610 15
Message: 170414 15
Message: 131148 15
Message: 220944 15
Message: 3c088e 15
Message: 41115e 15
Message: 0 275
Message: 0 275
Message: 4e0b50 275
Message: 220944 512
Message: 220944 512
Message: 41115e 512
Message: 41115e 512
Message: 41115e 512
Message: 220944 512
Message: 220944 512
Message: 220944 512
Message: 220944 512
Message: 220944 512
Message: 0 275
Message: 650bbc 512
Message: 650bbc 512
Message: 650bbc 160
Message: 650bbc 160
Message: 650bbc 160
Message: 650bbc 160
Message: 650bbc 160
Message: 650bbc 160
Message: 650bbc 160
Message: 650bbc 674
Message: 650bbc 160
Message: 650bbc 160
Message: 650bbc 160
Message: 650bbc 160
Message: 650bbc 160
Message: 650bbc 160
Message: 650bbc 160
Message: 650bbc 512
Message: 650bbc 674
Message: 650bbc 512
Message: 650bbc 512
Message: 131148 512
Message: 131148 15
Message: 131148 512
Message: 131148 512
Message: 131148 512
Message: 131148 512
Message: 131148 512
Message: 131148 512
Message: 131148 275
Message: 131148 512
Message: 131148 512
Message: 131148 512
Message: 131148 512
Message: 131148 512
Message: 131148 512
Message: 131148 512
Message: 131148 512
Message: 131148 275
Message: 131148 512
Message: 131148 512
Message: 131148 512
Message: 131148 512
Message: 131148 512
Message: 131148 512
Message: 131148 512
Message: 650bbc 512
Message: 131148 675
Message: 131148 15
Message: 650bbc 512
Message: 650bbc 512
Message: 650bbc 512
Message: 650bbc 512
Message: 650bbc 512
Message: 650bbc 512
Message: 131148 275
Message: 650bbc 512
Message: 650bbc 512
Message: 650bbc 512
Message: 650bbc 160
Message: 650bbc 160
Message: 650bbc 160
Message: 131148 275
Message: 650bbc 160
Message: 650bbc 160
Message: 650bbc 160
Message: 650bbc 160
Message: 131148 275
Message: 650bbc 160
Message: 650bbc 160
Message: 650bbc 160
Message: 131148 275
Message: 650bbc 160
Message: 650bbc 160
Message: 0 275
Message: 650bbc 160
Message: 650bbc 160
Message: 650bbc 161
Message: 650bbc 273
Message: 131148 512
Message: 131148 15
Message: 61084 2025
Message: 61084 2026
Message: 61084 2029
Message: 411e4 2025
Message: 411e4 2026
Message: 411e4 2029
Message: 61062 2025
Message: 61062 2026
Message: 61062 2029
Message: 9e0ae8 2025
Message: 9e0ae8 2026
Message: 9e0ae8 2029
Message: 90fe6 2036
Message: 61060 5
Message: c116a 5
Message: 220944 512
Message: 220944 514
Message: 650bbc 160
Message: 650bbc 161
Message: 4e0b50 275
Message: 0 275
Message: 170a1c 275
Message: 110e1a 275
Message: 1f0aee 275
Message: 170a1c 275
Message: 110e1a 275
Message: 1f0aee 275
Message: 170a1c 275
Message: 110e1a 275
Message: 1f0aee 275
Message: 170a1c 275
Message: 110e1a 275
Message: 1f0aee 275
Message: 170a1c 275
Message: 110e1a 275
Message: 1f0aee 275
Message: 170a1c 275
Message: 110e1a 275
Message: 1f0aee 275
Message: 650bbc 160
Message: 650bbc 160
Message: 650bbc 160
Message: 650bbc 160
Message: 650bbc 160
Message: 650bbc 160
Message: 650bbc 160
Message: 650bbc 160
Message: 650bbc 160
Message: 650bbc 160
Message: 0 275
Message: 650bbc 161
Message: 650bbc 160
Message: 650bbc 160
Message: 650bbc 160
Message: 650bbc 160
Message: 650bbc 512
Message: 650bbc 674
Message: 650bbc 512
Message: 650bbc 512
Message: 170414 512
Message: 170414 15
Message: 250610 512
Message: 170414 675
Message: 250610 15
Message: 170414 15
Message: 1e0b8e 512
Message: 250610 675
Message: 1e0b8e 15
Message: 250610 15
Message: 650bbc 160
Message: 1e0b8e 675
Message: 1e0b8e 15
Message: 650bbc 674
Message: 250610 275
Message: 170414 275
Message: 1e0b8e 275
Message: 250610 275
Message: 170414 275
Message: 1e0b8e 275
Message: 250610 275
Message: 170414 275
Message: 1e0b8e 275
Message: 250610 275
Message: 170414 275
Message: 1e0b8e 275
Message: 0 275
Message: 650bbc 512
Message: 650bbc 512
Message: 170a1c 512
Message: 170a1c 15
Message: 170a1c 512
Message: 170a1c 512
Message: 170a1c 512
Message: 170a1c 512
Message: 170a1c 512
Message: 170a1c 512
Message: 170a1c 512
Message: 170a1c 275
Message: 170a1c 512
Message: 170a1c 512
Message: 170a1c 512
Message: 650bbc 512
Message: 170a1c 675
Message: 170a1c 15
Message: 650bbc 512
Message: 650bbc 512
Message: 650bbc 512
Message: 650bbc 512
Message: 210784 512
Message: 210784 15
Message: 170a1c 275
Message: 210784 512
Message: 210784 512
Message: 210784 512
Message: 210784 512
Message: 210784 512
Message: 210784 512
Message: 210784 275
Message: 210784 512
Message: 170a1c 275
Message: 210784 512
Message: 210784 275
Message: 170a1c 275
Message: 210784 513
Message: 210784 15
Message: 170a1c 275
Message: 210784 275
Message: 210784 514
Message: 650bbc 2031
Message: 210784 512
Message: 210784 15
Message: 210784 512
Message: 650bbc 15
Message: 470b2e 15
Message: 210784 15
Message: a0dee 15
Message: 9e0ae8 15
Message: 311b8 15
Message: 311ba 15
Message: 411e8 15
Message: 311a8 15
Message: 311ec 15
Message: 311ea 15
Message: 311c2 15
Message: 311c6 15
Message: 311c4 15
Message: 311be 15
Message: 311b2 15
Message: 311f8 15
Message: 311f6 15
Message: 311f4 15
Message: 311f0 15
Message: 311f2 15
Message: 311b4 15
Message: 511cc 15
Message: a0fc6 15
Message: a0dfa 15
Message: a0e30 15
Message: a0e16 15
Message: 210784 512
Message: 210784 512
Message: 210784 512
Message: 210784 512
Message: 210784 512
Message: 210784 275
Message: 210784 512
Message: 210784 512
Message: 210784 512
Message: 210784 512
Message: 210784 512
Message: 210784 512
Message: 210784 512
Message: 210784 512
Message: 210784 275
Message: 210784 512
Message: 210784 512
Message: 210784 275
Message: 210784 275
Message: 4e0b50 275
Message: 210784 512
Message: 210784 512
Message: 210784 512
Message: 650bbc 512
Message: 210784 675
Message: 210784 15
Message: 650bbc 512
Message: 650bbc 512
Message: 650bbc 512
Message: 650bbc 512
Message: 650bbc 512
Message: 650bbc 512
Message: 210784 275
Message: 0 275
Message: a0dee 512
Message: a0dee 512
Message: a0dee 512
Message: a0dee 512
Message: a0dee 512
Message: a0dee 512
Message: a0dee 512
Message: a0dee 512
Message: 210784 275
Message: a0dee 512
Message: a0dee 512
Message: a0dee 512
Message: a0dee 512
Message: a0dee 512
Message: a0dee 512
Message: a0dee 512
Message: a0dee 512
Message: 210784 275
Message: a0dee 512
Message: a0dee 512
Message: a0dee 512
Message: a0dee 512
Message: a0dee 512
Message: a0dee 512
Message: a0dee 512
Message: 210784 275
Message: a0dee 512
Message: a0dee 512
Message: a0dee 512
Message: a0dee 512
Message: a0dee 512
Message: a0dee 512
Message: a0dee 512
Message: a0dee 512
Message: a0dee 512
Message: a0dee 512
Message: a0dee 512
Message: a0dee 512
Message: a0dee 512
Message: a0dee 512
Message: a0dee 512
Message: a0dee 512
Message: a0dee 512
Message: a0dee 512
Message: a0dee 512
Message: a0dee 512
Message: a0dee 512
Message: a0dee 512
Message: a0dee 512
Message: a0dee 512
Message: a0dee 512
Message: 650bbc 512
Message: 0 275
Message: 0 275
Message: 210784 15
Message: 0 275
Message: 4e0b50 275
Message: a0dee 512
Message: a0dee 512
Message: a0dee 512
Message: a0dee 512
Message: a0dee 512
Message: a0dee 512
Message: a0dee 512
Message: 0 275
Message: a0dee 512
Message: a0dee 512
Message: a0dee 512
Message: a0dee 512
Message: a0dee 512
Message: 650bbc 512
Message: 650bbc 512
Message: 650bbc 512
Message: 650bbc 512
Message: 110e1a 512
Message: 110e1a 15
Message: 110e1a 512
Message: 110e1a 512
Message: 110e1a 512
Message: 110e1a 512
Message: 110e1a 512
Message: 110e1a 512
Message: 110e1a 275
Message: 110e1a 512
Message: 110e1a 512
Message: 110e1a 512
Message: 110e1a 512
Message: 110e1a 512
Message: 110e1a 275
Message: 110e1a 512
Message: 110e1a 512
Message: 110e1a 512
Message: 110e1a 512
Message: 650bbc 512
Message: 110e1a 675
Message: 110e1a 15
Message: 650bbc 512
Message: 650bbc 512
Message: a0dee 512
Message: a0dee 512
Message: a0dee 512
Message: a0dee 512
Message: 110e1a 275
Message: a0dee 512
Message: 9e0ae8 512
Message: 9e0ae8 512
Message: 9e0ae8 512
Message: 9e0ae8 512
Message: 9e0ae8 512
Message: 9e0ae8 512
Message: 9e0ae8 512
Message: 110e1a 275
Message: 9e0ae8 512
Message: 9e0ae8 512
Message: 9e0ae8 512
Message: 9e0ae8 512
Message: 9e0ae8 512
Message: 9e0ae8 512
Message: 9e0ae8 512
Message: 9e0ae8 512
Message: 110e1a 275
Message: 9e0ae8 512
Message: 9e0ae8 512
Message: 9e0ae8 512
Message: 9e0ae8 512
Message: 9e0ae8 512
Message: 9e0ae8 512
Message: 9e0ae8 512
Message: 9e0ae8 512
Message: 110e1a 275
Message: 9e0ae8 512
Message: 9e0ae8 512
Message: 9e0ae8 160
Message: a0dee 512
Message: a0dee 512
Message: a0dee 512
Message: a0dee 512
Message: a0dee 512
Message: a0dee 512
Message: a0dee 512
Message: a0dee 512
Message: 0 275
Message: 0 275
Message: a0dee 512
Message: a0dee 512
Message: 311f8 512
Message: 311f8 15
Message: 311f8 512
Message: 311f8 512
Message: 311f8 512
Message: 311f8 512
Message: 311be 512
Message: 311f8 675
Message: 311be 15
Message: 311f8 15
Message: 311be 512
Message: 311be 512
Message: 311be 512
Message: 311be 512
Message: 311be 512
Message: 311be 512
Message: 311be 512
Message: 311be 512
Message: 311be 512
Message: 311be 512
Message: 311be 512
Message: 311be 512
Message: 311be 512
Message: 311be 512
Message: 311be 512
Message: 311be 512
Message: 311be 512
Message: 311be 512
Message: 311be 512
Message: 311be 512
Message: 311be 512
Message: 311be 512
Message: 311be 512
Message: 311b2 512
Message: 311be 675
Message: 311be 15
Message: 311b2 15
Message: 311b2 512
Message: 311b2 512
Message: 311b2 512
Message: 311b2 512
Message: 311b2 512
Message: 311b2 512
Message: 311b2 512
Message: 311b2 512
Message: 311b2 512
Message: 311b2 512
Message: 311b2 512
Message: 311b2 512
Message: 311b2 512
Message: 311b2 512
Message: 311c4 512
Message: 311b2 675
Message: 311c4 15
Message: 311b2 15
Message: 311c4 512
Message: 311c4 512
Message: 311c4 512
Message: 311c2 512
Message: 311c4 675
Message: 311c2 15
Message: 311c4 15
Message: 311c2 512
Message: 311c2 512
Message: 311c2 512
Message: 311c2 512
Message: 311c2 512
Message: 311c2 512
Message: 311c2 512
Message: 311c2 512
Message: 311c2 512
Message: 311c2 512
Message: 311c2 512
Message: 311c2 512
Message: 311c2 512
Message: 311c2 512
Message: 311c2 512
Message: 311c2 512
Message: 311c2 512
Message: 311c2 512
Message: 311c2 512
Message: 311c2 512
Message: 311c2 512
Message: 311c2 512
Message: 311c2 513
Message: 9e0ae8 2031
Message: 311c2 512
Message: 210784 15
Message: 311c2 15
Message: 311c2 514
Message: 311c2 512
Message: 0 275
Message: 311c2 512
Message: 311c2 512
Message: 0 275
Message: 311c2 512
Message: 311c2 512
Message: 311c2 512
Message: 311c2 512
Message: 4e0b50 275
Message: 311c2 512
Message: 311c2 512
Message: 311c2 512
Message: 311c2 512
Message: 311c2 512
Message: 311c2 512
Message: 311c2 512
Message: 311c2 512
Message: 311c2 512
Message: 311c2 512
Message: 311c2 512
Message: 311c2 512
Message: 311ea 512
Message: 311c2 675
Message: 311ea 15
Message: 311c2 15
Message: 311ea 512
Message: 311ea 512
Message: 311ea 512
Message: 311ea 512
Message: 311ea 512
Message: 311ea 512
Message: 311ea 512
Message: 311ea 512
Message: 311ea 512
Message: 311ea 512
Message: 311ea 512
Message: 311ea 512
Message: 311ea 512
Message: 311ea 512
Message: 311ea 512
Message: 311ea 512
Message: 311ea 512
Message: 311ea 512
Message: 311ea 512
Message: 311ea 512
Message: 311ea 512
Message: 311ea 512
Message: 311ea 512
Message: 311ea 512
Message: 311ea 512
Message: 311ea 512
Message: 311ea 512
Message: 311ea 512
Message: 311ea 512
Message: 311ea 512
Message: 311ea 512
Message: 311ea 512
Message: 311ea 512
Message: 311ea 512
Message: 311ea 512
Message: 311ea 512
Message: 311ea 512
Message: 311ea 512
Message: 311ea 512
Message: 311ea 512
Message: 311ea 512
Message: 311ea 512
Message: 311ea 512
Message: 311ea 512
Message: 311ea 512
Message: 311ea 512
Message: 311ea 512
Message: 311ea 512
Message: 311ea 512
Message: 311ea 512
Message: 311ea 512
Message: 311c6 512
Message: 311ea 675
Message: 311ea 15
Message: 311c6 15
Message: 311c6 512
Message: 311c6 512
Message: 311c6 512
Message: 311c6 512
Message: 311b8 512
Message: 311c6 675
Message: 311b8 15
Message: 311b8 512
Message: 311c6 15
Message: 311b8 275
Message: 311b8 512
Message: 311b8 512
Message: 311b8 512
Message: 311b8 275
Message: a0dee 512
Message: 311b8 675
Message: 311b8 15
Message: a0dee 512
Message: 311c2 280
Message: a0dee 512
Message: a0dee 512
Message: a0dee 512
Message: a0dee 512
Message: a0dee 512
Message: a0dee 512
Message: 311b8 275
Message: a0dee 512
Message: a0dee 512
Message: a0dee 512
Message: a0dee 512
Message: a0dee 512
Message: a0dee 512
Message: a0dee 512
Message: 311b8 275
Message: a0dee 512
Message: a0dee 512
Message: a0dfa 512
Message: a0dfa 15
Message: a0dfa 512
Message: a0dfa 512
Message: a0dfa 512
Message: a0dfa 512
Message: a0dfa 512
Message: 311b8 275
Message: a0dfa 512
Message: a0dfa 512
Message: a0dfa 275
Message: 0 275
Message: a0dfa 512
Message: a0dfa 512
Message: a0dfa 512
Message: a0dfa 512
Message: a0dfa 512
Message: a0dfa 512
Message: 311b8 275
Message: a0dfa 512
Message: a0dfa 275
Message: a0dfa 512
Message: a0dfa 512
Message: 311b8 275
Message: a0dfa 512
Message: a0dfa 275
Message: 311b8 275
Message: a0dfa 275
Message: 311b8 275
Message: 311b8 275
Message: 311c2 280
Message: 311b8 275
Message: a0dfa 513
Message: 9e0ae8 2031
Message: a0dfa 512
Message: 311c2 15
Message: a0dfa 15
Message: 311b8 275
Message: a0dfa 514
Message: a0dee 2031
Message: 9e0ae8 2031
Message: a0dfa 512
Message: 9e0ae8 15
Message: 311ea 15
Message: 311c2 15
Message: 311c6 15
Message: 311c4 15
Message: 311be 15
Message: 311b2 15
Message: 311f8 15
Message: 311f6 15
Message: 311f4 15
Message: 311f0 =
