netcdf outmaps {
 dimensions:
   time = UNLIMITED;   // (21 currently)
   lat = 169;
   lon = 187;
 variables:
   double time(time);
     time:_Netcdf4Dimid = 0;
     time:_FillValue = -9999.0;
     time:units = "Days since 1900-01-01 00:00:00";
     time:calendar = "gregorian";
     time:standard_name = "time";
     time:long_name = "time";
     time:axis = "T";
   float lat(lat);
     lat:_Netcdf4Dimid = 1;
     lat:_FillValue = -9999.0f;
     lat:standard_name = "latitude";
     lat:long_name = "latitude";
     lat:units = "degrees_north";
     lat:axis = "Y";
   char projection;
     projection:EPSG_code = "EPSG:4326";
   float lon(lon);
     lon:_Netcdf4Dimid = 2;
     lon:_FillValue = -9999.0f;
     lon:standard_name = "longitude";
     lon:long_name = "longitude";
     lon:units = "degrees_east";
     lon:axis = "X";
   float per(time, lat, lon);
     per:_FillValue = -9999.0f;
     per:units = "mm";
     per:standard_name = "self.Percolation";
   float lev(time, lat, lon);
     lev:_FillValue = -9999.0f;
     lev:units = "mm";
     lev:standard_name = "self.WaterLevel";
   float run(time, lat, lon);
     run:_FillValue = -9999.0f;
     run:units = "mm";
     run:standard_name = "self.SurfaceRunoff";

 // global attributes:
 :caseName = "actual caseName attribute text replaced by dummy text in unit test";
 :title = "wflow output mapstack";
 :Conventions = "CF-1.4";
 :source = "wflow";
 :references = "http://wflow.googlecode.com";
 :runId = "run_default";
 :institution = "Deltares";
 :history = "actual history attribute text replaced by dummy text in unit test";
 data:
time =
  {40907.0, 40908.0, 40909.0, 40910.0, 40911.0, 40912.0, 40913.0, 40914.0, 40915.0, 40916.0, 40917.0, 40918.0, 40919.0, 40920.0, 40921.0, 40922.0, 40923.0, 40924.0, 40925.0, 40926.0, 40927.0}
lat =
  {52.054268, 52.0176, 51.980934, 51.944267, 51.9076, 51.870934, 51.834267, 51.7976, 51.760933, 51.724266, 51.6876, 51.650932, 51.614265, 51.5776, 51.54093, 51.504265, 51.4676, 51.430935, 51.394268, 51.3576, 51.320934, 51.284267, 51.2476, 51.210934, 51.174267, 51.1376, 51.100933, 51.064266, 51.0276, 50.990932, 50.954266, 50.9176, 50.88093, 50.844265, 50.8076, 50.770935, 50.73427, 50.6976, 50.660934, 50.624268, 50.5876, 50.550934, 50.514267, 50.4776, 50.440933, 50.404266, 50.3676, 50.330933, 50.294266, 50.2576, 50.220932, 50.184265, 50.1476, 50.110935, 50.07427, 50.0376, 50.000935, 49.964268, 49.9276, 49.890934, 49.854267, 49.8176, 49.780933, 49.744267, 49.7076, 49.670933, 49.634266, 49.5976, 49.560932, 49.524265, 49.4876, 49.45093, 49.41427, 49.3776, 49.340935, 49.304268, 49.2676, 49.230934, 49.194267, 49.1576, 49.120934, 49.084267, 49.0476, 49.010933, 48.974266, 48.9376, 48.900932, 48.864265, 48.8276, 48.79093, 48.754265, 48.7176, 48.680935, 48.644268, 48.6076, 48.570934, 48.534267, 48.4976, 48.460934, 48.424267, 48.3876, 48.350933, 48.314266, 48.2776, 48.240932, 48.204266, 48.1676, 48.13093, 48.094265, 48.0576, 48.020935, 47.98427, 47.9476, 47.910934, 47.874268, 47.8376, 47.800934, 47.764267, 47.7276, 47.690933, 47.654266, 47.6176, 47.580933, 47.544266, 47.5076, 47.470932, 47.434265, 47.3976, 47.360935, 47.32427, 47.2876, 47.250935, 47.214268, 47.1776, 47.140934, 47.104267, 47.0676, 47.030933, 46.994267, 46.9576, 46.920933, 46.884266, 46.8476, 46.810932, 46.774265, 46.7376, 46.70093, 46.66427, 46.6276, 46.590935, 46.554268, 46.5176, 46.480934, 46.444267, 46.4076, 46.370934, 46.334267, 46.2976, 46.260933, 46.224266, 46.1876, 46.150932, 46.114265, 46.0776, 46.04093, 46.004265, 45.9676, 45.930935, 45.894268}
lon =
  {5.2271633, 5.26383, 5.3004966, 5.3371634, 5.37383, 5.4104967, 5.447163, 5.48383, 5.520497, 5.5571632, 5.59383, 5.6304965, 5.6671634, 5.70383, 5.7404966, 5.7771635, 5.81383, 5.850497, 5.887163, 5.92383, 5.960497, 5.9971633, 6.03383, 6.0704966, 6.1071634, 6.14383, 6.1804967, 6.2171636, 6.25383, 6.290497, 6.327163, 6.36383, 6.4004965, 6.4371634, 6.47383, 6.5104966, 6.5471635, 6.58383, 6.6204967, 6.657163, 6.69383, 6.730497, 6.7671633, 6.80383, 6.8404965, 6.8771634, 6.91383, 6.9504967, 6.9871635, 7.02383, 7.060497, 7.097163, 7.13383, 7.1704965, 7.2071633, 7.24383, 7.2804966, 7.3171635, 7.35383, 7.3904967, 7.427163, 7.46383, 7.500497, 7.5371633, 7.57383, 7.6104965, 7.6471634, 7.68383, 7.7204967, 7.7571635, 7.79383, 7.830497, 7.867163, 7.90383, 7.9404964, 7.9771633, 8.01383, 8.050497, 8.087163, 8.12383, 8.160497, 8.197164, 8.23383, 8.270496, 8.307163, 8.34383, 8.380497, 8.417163, 8.45383, 8.490497, 8.5271635, 8.56383, 8.600496, 8.637163, 8.67383, 8.710497, 8.747164, 8.78383, 8.820497, 8.857163, 8.89383, 8.930496, 8.967163, 9.00383, 9.040497, 9.077164, 9.11383, 9.1504965, 9.187163, 9.22383, 9.260497, 9.297163, 9.33383, 9.370497, 9.407164, 9.44383, 9.480496, 9.517163, 9.55383, 9.590497, 9.627163, 9.66383, 9.700497, 9.737164, 9.77383, 9.810496, 9.847163, 9.88383, 9.920497, 9.957163, 9.99383, 10.030497, 10.067163, 10.10383, 10.140496, 10.177163, 10.21383, 10.250497, 10.287164, 10.32383, 10.3604965, 10.397163, 10.43383, 10.470497, 10.507163, 10.54383, 10.580497, 10.617164, 10.65383, 10.690496, 10.727163, 10.76383, 10.800497, 10.837163, 10.87383, 10.910497, 10.947164, 10.98383, 11.020496, 11.057163, 11.09383, 11.130497, 11.167163, 11.20383, 11.240497, 11.2771635, 11.31383, 11.350496, 11.387163, 11.42383, 11.460497, 11.497164, 11.53383, 11.570497, 11.607163, 11.64383, 11.680496, 11.717163, 11.75383, 11.790497, 11.827164, 11.86383, 11.9004965, 11.937163, 11.97383, 12.010497, 12.047163}
}
