  LA=      3301


      3301      3302
  LA=      3301


      3301      3302
  LA=      3301


      3301      3302
  LA=      3301


      3301      3302
  LA=      3301


      3301      3302
  LA=      3301


      3301      3302
  LA=      3301


      3301      3302
  LA=      3301


      3301      3302
  LA=      3301


      3301      3302
  LA=      3301


      3301      3302

ERROR: TIME, L, I, J, K, TWQ(L) =   32.333393299   8 341   1   89.3575
