C   I    J    K    TIME       CHC        CHD        CHG        ROC        LOC        DOC        P4D        ROP        LOP        DOP        RON        LON        DON        NHX        NOX        DOX
